Rooster Cogburn
                    .                    
  ++++++ ++++++  .+++++.  ++++++ ++++++  
 +L+++++ +++++L+ .+T+T+. +L+++++ +++++L+ 
 ++L++++ ++++L++ .+++++. ++L++++ ++++L++ 
 +++++++ +++++++ .+T+T+. +++++++ +++++++ 
 +++++++ +++++++ .+++++. +++++++ +++++++ 
 +++++++ +++++++ .+T+T+. +++++++ +++++++ 
 ++++0     8++++ .+++++. ++++a     3++++ 
 ++++  G.G  ++++ .+T+T+. ++++  G.G  ++++ 
 ++++ ..... ++++ .+++++. ++++ ..... ++++ 
 ++++  G.G  ++++ .+T+T+. ++++  G.G  ++++ 
 ++++c     4++++ .+++++. ++++7     e++++ 
 +++++++++++++++ .+T+T+. +++++++++++++++ 
 ++L+++++++++L++ .+++++. ++L+++++++++L++ 
 +L+++++++++++L+ .+T+T+. +L+++++++++++L+ 
  +++++++++++++  .+++++.  +++++++++++++  
                .PPPPPPP.                
 ...............P+++++++P............... 
 +++++++++++++++P+F+++F+P+++++++++++++++ 
 +T+T+T+T+T+T+T+P++F+F++P+T+T+T+T+T+T+T+ 
.+++++++++++++++P+++F+++P+++++++++++++++.
 +T+T+T+T+T+T+T+P++F+F++P+T+T+T+T+T+T+T+ 
 +++++++++++++++P+F+++F+P+++++++++++++++ 
 ...............P+++++++P............... 
                .PPPPPPP.                
  +++++++++++++  .+++++.  +++++++++++++  
 +L+++++++++++L+ .+T+T+. +L+++++++++++L+ 
 ++L+++++++++L++ .+++++. ++L+++++++++L++ 
 +++++++++++++++ .+T+T+. +++++++++++++++ 
 ++++f     6++++ .+++++. ++++5     d++++ 
 ++++  G.G  ++++ .+T+T+. ++++  G.G  ++++ 
 ++++ ..... ++++ .+++++. ++++ ..... ++++ 
 ++++  G.G  ++++ .+T+T+. ++++  G.G  ++++ 
 ++++2     b++++ .+++++. ++++9     1++++ 
 +++++++ +++++++ .+T+T+. +++++++ +++++++ 
 +++++++ +++++++ .+++++. +++++++ +++++++ 
 +++++++ +++++++ .+T+T+. +++++++ +++++++ 
 ++L++++ ++++L++ .+++++. ++L++++ ++++L++ 
 +L+++++ +++++L+ .+T+T+. +L+++++ +++++L+ 
  ++++++ ++++++  .+++++.  ++++++ ++++++  
                    .                    
