Rooster Cogburn
0G+++++++++++++++++G G+++++++++++++++++G3
++.+++.+++.+++.+++.+++.+++.+++.+++.+++.++
+...+...+...+...+...+...+...+...+...+...+
+++++G +++++++8G+++++++++Ga+++++++ G+++++
.+++.+++.+++.+++.+++.+++.+++.+++.+++.+++.
..+...+...+...+...+...+...+...+...+...+..
+++++++Gg+++++++ G+++++G +++++++iG+++++++
++.+++.+++.+++.+++.+++.+++.+++.+++.+++.++
+...+...+...+...+...+...+...+...+...+...+
+++++G +++++++cG+++++++++Ge+++++++ G+++++
.+++.+++.+++.+++.+++.+++.+++.+++.+++.+++.
..+...+...+...+...+...+...+...+...+...+..
4G+++++++++++++++++G G+++++++++++++++++G7
++.+++.+++.+++.+++.+S+.+++.+++.+++.+++.++
+...+...+...+...+...S...+...+...+...+...+
+++++++++++++++++++SSS+++++++++++++++++++
$+++$+++$+++$+++$++SSS++$+++$+++$+++$+++$
$$+$$$+$$$+$$$+$$$+SSS+$$$+$$$+$$$+$$$+$$
+++++++++++++++++++S$S+++++++++++++++++++
SSSSSSSSSSSSSSSSSSSS$SSSSSSSSSSSSSSSSSSSS
SSSSSSSSSSSSSSSSSS$$o$$SSSSSSSSSSSSSSSSSS
SSSSSSSSSSSSSSSSSSSS$SSSSSSSSSSSSSSSSSSSS
+++++++++++++++++++S$S+++++++++++++++++++
$$+$$$+$$$+$$$+$$$+SSS+$$$+$$$+$$$+$$$+$$
$+++$+++$+++$+++$++SSS++$+++$+++$+++$+++$
+++++++++++++++++++SSS+++++++++++++++++++
+...+...+...+...+...S...+...+...+...+...+
++.+++.+++.+++.+++.+S+.+++.+++.+++.+++.++
6G+++++++++++++++++G G+++++++++++++++++G5
..+...+...+...+...+...+...+...+...+...+..
.+++.+++.+++.+++.+++.+++.+++.+++.+++.+++.
+++++G +++++++fG+++++++++Gd+++++++ G+++++
+...+...+...+...+...+...+...+...+...+...+
++.+++.+++.+++.+++.+++.+++.+++.+++.+++.++
+++++++Gj+++++++ G+++++G +++++++hG+++++++
..+...+...+...+...+...+...+...+...+...+..
.+++.+++.+++.+++.+++.+++.+++.+++.+++.+++.
+++++G +++++++bG+++++++++G9+++++++ G+++++
+...+...+...+...+...+...+...+...+...+...+
++.+++.+++.+++.+++.+++.+++.+++.+++.+++.++
2G+++++++++++++++++G G+++++++++++++++++G1
