Rooster Cogburn
~~~~~~~~~~~~~~~~~~~~~~~~~~~~~~~~~~~~~~~~~
~~~~~~~~~~~~~~~~~~~~~~~~~~~~~~~~~~~~~~~~~
~~~~~~~~~~~~~~~~~~~~~~~~~~~~~~~~~~~~~~~~~
~~~~~***********~~~~~~~~~***********~~~~~
~~~~**+++++++++**~~~~~~~**+++++++++**~~~~
*****+++.+.+.+++*********+++.+.+.+++*****
*F.+ +.+++++++++ ++F*F++ +++++++++.+ +.F*
*G++ +.+++++++.+.++L*L++.+.+++++++.+ ++G*
*B.+.+.+++++4LF .+.B*B.+. FL6+++++.+.+.B*
*B +. FL0+-+cLF .+ B*B +. FLf+-+2LF .+ B*
*B.+. FL8+++++.+.+.B*B.+.+.+++++aLF .+.B*
*L++.+.+++++++.+ ++G*G++ +.+++++++.+.++L*
*F++ +++++++++.+ +.F*F.+ +.+++++++++ ++F*
*****+++.+.+.+++*********+++.+.+.+++*****
~~~~**+++++++++**~~~~~~~**+++++++++**~~~~
~~~~~***+*+*+***~~~~~~~~~***+*+*+***~~~~~
~~~~~~~*+++++++***********+++++++*~~~~~~~
~~~~~~*+++.+++++++++++++++++++.+++*~~~~~~
~~~~~*++.+++.++++.+++++.++++.+++.++*~~~~~
~~~~~*F.+++++++++.+++++.+++++++++.F*~~~~~
~~~~~*F.++.+++++++++-+++++++++.++.F*~~~~~
~~~~~*F.+++++++++.+++++.+++++++++.F*~~~~~
~~~~~*++.+++.++++.+++++.++++.+++.++*~~~~~
~~~~~~*+++.+++++++++++++++++++.+++*~~~~~~
~~~~~~~*+++++++***********+++++++*~~~~~~~
~~~~~***+*+*+***~~~~~~~~~***+*+*+***~~~~~
~~~~**+++++++++**~~~~~~~**+++++++++**~~~~
*****+++.+.+.+++*********+++.+.+.+++*****
*F++ +++++++++.+ +.F*F.+ +.+++++++++ ++F*
*L++.+.+++++++.+ ++G*G++ +.+++++++.+.++L*
*B.+. FLb+++++.+.+.B*B.+.+.+++++9LF .+.B*
*B +. FL3+-+eLF .+ B*B +. FL5+-+1LF .+ B*
*B.+.+.+++++7LF .+.B*B.+. FLd+++++.+.+.B*
*G++ +.+++++++.+.++L*L++.+.+++++++.+ ++G*
*F.+ +.+++++++++ ++F*F++ +++++++++.+ +.F*
*****+++.+.+.+++*********+++.+.+.+++*****
~~~~**+++++++++**~~~~~~~**+++++++++**~~~~
~~~~~***********~~~~~~~~~***********~~~~~
~~~~~~~~~~~~~~~~~~~~~~~~~~~~~~~~~~~~~~~~~
~~~~~~~~~~~~~~~~~~~~~~~~~~~~~~~~~~~~~~~~~
~~~~~~~~~~~~~~~~~~~~~~~~~~~~~~~~~~~~~~~~~
