Rooster Cogburn
+++++++++++++++++++++++++++++++++++++++++
+++++++++++++++++++++++++++++++++++++++++
+++.+++++.+++++++.+++++.+++++++.+++++.+++
++++.+++.+++++++++.+++.+++++++++.+++.++++
+++.......+++++++.......+++++++.......+++
++..o...o..+++++..o...o..+++++..o...o..++
+...........+++...........+++...........+
+.7.......a.+++.9.......c.+++.b.......8.+
+.v. 0v  .v.+++.v.  v6 .v.+++.v.  v2 .v.+
++v+..v..+v+++++v+..v..+v+++++v+..v..+v++
++S+++v+++S+++++S+++v+++S+++++S+++v+++S++
++S+++S+++S+++++S+++S+++S+++++S+++S+++S++
++S+++S+++S+++++S+++S+++S+++++S+++S+++S++
++S+++S+++S...++S+++S+++S++...S+++S+++S++
++S+++S+++.....+S+++S+++S+.....+++S+++S++
++S+++S++.......S+++S+++S.......++S+++S++
++S+++S+..o...o..+++S+++..o...o..+S+++S++
++S+++S+.........+++S+++.........+S+++S++
++S+++S+.........+++S+++.........+S+++S++
++S+++S+++.   .+++++S+++++.   .+++S+++S++
++S+++S++. ... .++++S++++. ... .++S+++S++
++S+++S+.v.+v3.v.+++S+++.v.+v5.v.+S+++S++
++S+++S+++++v+++++++S+++++++v+++++S+++S++
++S+++S+++++S+++++++S+++++++S+++++S+++S++
SSSSSSSSSSSSSSSSSSSSSSSSSSSSSSSSSSSSSSSSS
SSSSSSSSSSSSSSSSSSSSSSSSSSSSSSSSSSSSSSSSS
SSSSSSSSSSSSSSSSSSSSSSSSSSSSSSSSSSSSSSSSS
SSSSSSSSSSSSSSSSSSSSSSSSSSSSSSSSSSSSSSSSS
SSSSSSSSSSSSSSSSSSSSSSSSSSSSSSSSSSSSSSSSS
SSSSSSSSSSSSSSSSSSSSSSSSSSSSSSSSSSSSSSSSS
SSSSSSSSSSSSSSSSSSSSSSSSSSSSSSSSSSSSSSSSS
SSSSSSSSSSSSSSSSSSSSSSSSSSSSSSSSSSSSSSSSS
SSSSSSSSSSSSSSSSSSSSSSSSSSSSSSSSSSSSSSSSS
SSSSSSSSSSSSSSSSSSSSSSSSSSSSSSSSSSSSSSSSS
+++++++++++++++++++S+S+++++++++++++++++++
+++++++++++++++++++^.^++++++++++++++++$++
++++++++++++++++++1^.^4++++++++++++++$$$+
++++++++++++++++.........++++++++++++++++
++++++++++++++++.........+++++++++++++$++
+++++++++++++++++++++++++++++++++++++$$$+
+++++++++++++++++++++++++++++++++++++++++
