Rooster Cogburn
+++++++++++++++++++++++++++++++++++++++++
+0SSSSSSSSSSSSSSSS8+*+aSSSSSSSSSSSSSSSS2+
+SSSSSSSSSSSSSSSSSS+*+SSSSSSSSSSSSSSSSSS+
+SSSSSSSSSSSSSSSSSS+*+SSSSSSSSSSSSSSSSSS+
+SSSSSSSSSSSSSSSSSS+*+SSSSSSSSSSSSSSSSSS+
+SSSSSSSSSSSSSSSSSS+*+SSSSSSSSSSSSSSSSSS+
+SSSSSSSSSSSSSSSSSS+*+SSSSSSSSSSSSSSSSSS+
+SSSSSSSSSSSSSSSSSS+*+SSSSSSSSSSSSSSSSSS+
+SSSSSSSSSSSSSSSSSS+*+SSSSSSSSSSSSSSSSSS+
+SSSSSSSSSSSSSSSSSS+*+SSSSSSSSSSSSSSSSSS+
+SSSSSSSSSSSSSSSSSS+*+SSSSSSSSSSSSSSSSSS+
+SSSSSSSSSSSSSSSSSS+*+SSSSSSSSSSSSSSSSSS+
+SSSSSSSSSSSSSSSSSS+*+SSSSSSSSSSSSSSSSSS+
+4SSSSSSSSSSSSSSSSS+*+SSSSSSSSSSSSSSSSS5+
+++++++++++++++++SSc$eSS+++++++++++++++++
+***************+SSS$SSS+***************+
++++~~~~~++++++++SSS$SSS++++++++~~~~~++++
++++~PTL~++++++++SSSSSSS++++++++~LTP~++++
+~~+~~~~~+~~++++$^SSSSS^$++++~~+~~~~~+~~+
+~~+B+F+B+~~++++*^SSSSS^*++++~~+B+F+B+~~+
+~...........++$*$$SoS$$*$++...........~+
+~~+B+F+B+~~++++*vSSSSSv*++++~~+B+F+B+~~+
+~~+~~~~~+~~++++$vSSSSSv$++++~~+~~~~~+~~+
++++~PTL~++++++++SSSSSSS++++++++~LTP~++++
++++~~~~~++++++++SSS$SSS++++++++~~~~~++++
+***************+SSS$SSS+***************+
+++++++++++++++++SSf$dSS+++++++++++++++++
+7SSSSSSSSSSSSSSSSS+*+SSSSSSSSSSSSSSSSS6+
+SSSSSSSSSSSSSSSSSS+*+SSSSSSSSSSSSSSSSSS+
+SSSSSSSSSSSSSSSSSS+*+SSSSSSSSSSSSSSSSSS+
+SSSSSSSSSSSSSSSSSS+*+SSSSSSSSSSSSSSSSSS+
+SSSSSSSSSSSSSSSSSS+*+SSSSSSSSSSSSSSSSSS+
+SSSSSSSSSSSSSSSSSS+*+SSSSSSSSSSSSSSSSSS+
+SSSSSSSSSSSSSSSSSS+*+SSSSSSSSSSSSSSSSSS+
+SSSSSSSSSSSSSSSSSS+*+SSSSSSSSSSSSSSSSSS+
+SSSSSSSSSSSSSSSSSS+*+SSSSSSSSSSSSSSSSSS+
+SSSSSSSSSSSSSSSSSS+*+SSSSSSSSSSSSSSSSSS+
+SSSSSSSSSSSSSSSSSS+*+SSSSSSSSSSSSSSSSSS+
+SSSSSSSSSSSSSSSSSS+*+SSSSSSSSSSSSSSSSSS+
+3SSSSSSSSSSSSSSSSb+*+9SSSSSSSSSSSSSSSS1+
+++++++++++++++++++++++++++++++++++++++++
