Major
~~~~+++++++++++++++++++++++++++++++++~~~~
~~~+++++++++++++++++++++++++++++++++++~~~
~~+++++++++++++++++++++++++-----+-  -++~~
~++                       --- --------++~
+++ ...$.$$  $$ F .  B  -----+--++++---++
+++ $0123.       $     ----B++-+G-++~ +++
+++ .6754$  B          ~~ -+----+--+---++
+++ .98ab.   $     LL  --B+++-+-+++----++
+++ $$. ..      $   L   -++---F++------++
+++                     --+++-+-+-F---+++
+++      B               ---L++-++ ----++
 ++   $     $   $ F   B    --++-+--G---++
 ++                         -- ++--F--+++
 +       .$     L    ~-      ------~---++
   $                ~~~~~      ~++L----++
  $ $    L  B      ~~~~~~~     ---~-L--++
   LL$         * ~~~~~~~~~~     --P-+-  +
 F $L$ ~~      *~~~~~~ ~~~~~~~   ---~   ~
    $   ~~     *~~~~   ~~~~~~~~   --   ~~
 B    $     *  *~~        ~~~~~~       ~~
            *  *~          ......  F  ~~~
   ++      ~*  *~     F              ~~~~
 ++++     ~~*  *            ...... ~~~~~~
 ++++ F  ~~~*  *   F   B      ~~~~~~~~~~~
 ++++   ~~~~*  *           F   ~~~~~~~~~~
  +++  ~~~~ *                   ~~~~~~~~~
     ~~~~~  *    F        B   ~~~~~~~~~~~
~   ~~~~~~          $ $ $     ~~~~~~~~~~~
~~~~~~~~             BLF     ~~~~~~++~~~~
~~~~~~            $ $L$B$ $  ~~~~~++++~~~
~~~~~     B   ~~~    FLL    ~~~~~~++.+~~~
  --         ~~~  $ $L$ $   ~~~~++++++~~~
        L   ~~~      B F   ~~~~~++++++~~~
+++           ~     $ $ $  ~~~~~++++++~~~
++++++    F                ~~~~~+.++++~~~
++++++  +                  ~~~~~++++++~~~
++++++++++++++++++++++++  ~  ~  +++++~~~~
~+++++++++++++++++++++++  ~~~~~~++++~~~~~
~~+++++++++++++++++++++++~~~~~~~++~~~~~~~
~~~++++++++++++++++++++++~~~~~~~~~~~~~~~~
~~~~+++++++++++++++++++++~~~~~~~~~~~~~~~~
