Rooster Cogburn
*++++++++++++++++++++++++++++++++++++++++
*++++++++++++++++++++++++++++++++++++++++
*+++++++++++++++ +++++++ +++++++  ++++  +
*   +++++  ++++   ++++   ++++++   ++    +
*    ++++  +++    ++++    ++++    ++    +
* 0   ++ 1 +++  2  +++  3 ++++  4 ++ 5  +
*     ++   +++     +++     +++    ++    +
*     ++   +++     +++     +++    ++    +
*     ++   +++     ++      ++     ++    +
*     ++    ++     ++      ++     ++    +
*     ++    ++     ++      ++     ++    +
*     ++    ++     ++      ++     ++   ++
*     ++    ++     ++      ++     ++  +++
*     ++    ++     ++      ++     ++  +++
*     ++    ++     ++      ++     ++  +++
*     ++    ++    +++      ++     ++  +++
*     ++    ++   ++++      ++     ++  +++
*    +++    ++   ++++++    ++    +++   ++
* b +++++ a ++ 9 ++++++++  ++    ++++   +
*   ++++++  ++  +++++++++  ++    ++++ 6 +
*   +++++   ++  ++++++++   ++   ++++++   
*   ++++++  +++   ++++++   ++   ++++++   
*   ++++++  +++     ++++   ++   +++++++  
*   +++++  ++++     ++ 8   ++   +++++++  
*   +++++  ++++     +   ++++++   ++++    
*    +++   ++++         +++++++ 7 +++    
*    +     ++++++       ++++++++   +     
*          ++++++       ++++++++        S
*SSS      +++++++        +++++++       SS
*SSSS     +++++++        +++++++       SS
*SSSSS    +++++++        +++++++      SSS
*SSSSS      +++++          +++       SSSS
*SSSSSS        +     S     +        SSSSS
*SSSSSSS            SSS             SSSSS
*SSSSSSSSS       SSSSSSSS          SSSSSS
*SSSSSSSSSSSSSSSSSSSSSSSSSS SSS    SSSSSS
*SSSSSSSSSSSSSSSSSSSSSSSSSSSSSSS  SSSSSSS
*SSSSSSSSSSSSSSSSSSSSSSSSSSSSSSSSSSSSSSSS
*SSSSSSSSSSSSSSSSSSSSSSSSSSSSSSSSSSSSSSSS
*SSSSSSSSSSSSSSSSSSSSSSSSSSSSSSSSSSSSSSSS
*****************************************
