Rooster Cogburn
0GL++*           *++4++*           *++LG3
+++++*           *++G++*           *+++++
+++++*           *++L++*           *+++++
+++++*           *+++++*           *+++++
****+*           ***+***           *+****
+++*+*             *+*             *+*+++
+++*+*             *+*             *+*+++
+++*+*             *+*             *+*+++
+++*+*             *+*             *+*+++
                   *+*                   
          ++......+*+*+......++          
          +++++++++++++++++++++          
          .+.+++++++++++++++.+.          
          .++.+++++++++++++.++.          
          .+++.+++++++++++.+++.          
          .++++.+++++++++.++++.          
          .+++++.+++++++.+++++.          
*****     .++++++.+++++.++++++.     *****
++++*     ++++++++++$++++++++++     *++++
++++*******+++++++++++++++++++*******++++
7GL+++++++++++++++$+o+$+++++++++++++++LG6
++++*******+++++++++++++++++++*******++++
++++*     ++++++++++$++++++++++     *++++
*****     .++++++.+++++.++++++.     *****
          .+++++.+++++++.+++++.          
          .++++.+++++++++.++++.          
          .+++.+++++++++++.+++.          
          .++.+++++++++++++.++.          
          .+.+++++++++++++++.+.          
          +++++++++++++++++++++          
          ++.......+*+*+.....++          
                    *+*                  
+++*+*              *+*            *+*+++
+++*+*              *+*            *+*+++
+++*+*              *+*            *+*+++
+++*+*              *+*            *+*+++
****+*            ***+***          *+****
+++++*            *+++++*          *+++++
+++++*            *++L++*          *+++++
+++++*            *++G++*          *+++++
2GL++*            *++5++*          *++LG1
