Brigham Young
0 *               * 6 *               * 1
 G********** ****** G ****** **********G 
*+******WWWW *******+******* WWWW******+*
*+++****WWWW ******+++****** WWWW****+++*
*+++******** ******+++****** ********+++*
*+++******** ******+++****** ********+++*
***S******** *******v******* ********S***
***S******$* *$*****v*****$* *$******S***
***S******** *******v******* ********S***
***G++++        +++++++++        ++++G***
***+B+************+++++************+B+***
***+B+**+++++*-***+++++***-*+++++**+B+***
***+++**++++*-*++*** ***++*-*++++**+++***
***+++**++++**++++** **++++**++++**+++***
***+++**+G++**++B+*   *+B++**++G+**+++***
*****+***+****+B++** **++B+****+***+*****
*****+*+*+***+++++** **+++++***+*+*+*****
***$*+*+*+*+*+*++o+++++o++*+*+*+*+*+*$***
*****+*+++++***+++++++++++***+++++*+*****
  *+++***+++* *++++$S$++++* *+++***+++*  
4G++++>>>+++   ++++SSS++++   +++<<<++++G5
  *+++***+++* *++++$S$++++* *+++***+++*  
*****+*+++++***+++++++++++***+++++*+*****
***$*+*+*+*+*+*++o+++++o++*+*+*+*+*+*$***
*****+*+*+***+++++** **+++++***+*+*+*****
*****+***+****+B++** **++B+****+***+*****
***+++**+G++**++B+*   *+B++**++G+**+++***
***+++**++++**++++** **++++**++++**+++***
***+++**++++*-*++*** ***++*-*++++**+++***
***+B+**+++++*-***+++++***-*+++++**+B+***
***+B+************+++++************+B+***
***G++++        +++++++++        ++++G***
***S******** *******^******* ********S***
***S******$* *$*****^*****$* *$******S***
***S******** *******^******* ********S***
*+++******** ******+++****** ********+++*
*+++******** ******+++****** ********+++*
*+++****WWWW ******+++****** WWWW****+++*
*+******WWWW *******+******* WWWW******+*
 G********** ****** G ****** **********G 
3 *               * 7 *               * 2
