Rooster Cogburn
$$$$$$$$$$$$$$$$$$$$$$$$$$$$$$$$$$$$$$$$$
$0          8 S     5     S a          2$
$   ++ +++     SSS     SSS     +++ ++   $
$ ++++++++++   SSS     SSS   ++++++++++ $
$++++++++++++   SSS   SSS   ++++++++++++$
$+++~+$~~+~+++  SSS   SSS  +++~+~~$+~+++$
$+++++$$$+~+~++ SSSS SSSS ++~+~+$$$+++++$
$+++++++$$++~~+ S  S S  S +~~++$$+++++++$
$+++++++++$++++SS+++++++SS++++$+++++++++$
$+++++++++$+++SS+++ $ +++SS+++$+++++++++$
$++++++++~+$++S+++++o+++++S++$+~++++++++$
$++~~~~++~ $$SS+++++o+++++SS$$ ~++~~~~++$
$$++++++++SSSS++++++o++++++SSSS++++++++$$
$ $++++++SSSS$$+++++o+++++$$SSSS++++++$ $
$ $+++++ SSS++$$+++$o$+++$$++SSS +++++$ $
$  ++++SSSSS+++$$$++o++$$$+++SSSSS++++  $
$     +++++++ +++$++o++$+++ +++++++     $
$      +SS+ $$$++ooooooo++$$$ +SS+      $
$      +S$$$+++$+ooooooo+$+++$$$S+      $
$      SS$+++++$+ooooooo+$+++++$SS      $
$4    SS$   $ +++ooooooo+++ $   $SS    6$
$      SS$+++++$+ooooooo+$+++++$SS      $
$      +S$$$+++$+ooooooo+$+++$$$S+      $
$      +SS+ $$$++ooooooo++$$$ +SS+      $
$     +++++++ +++$++o++$+++ +++++++     $
$  ++++SSSSS+++$$$++o++$$$+++SSSSS++++  $
$ $+++++ SSS++$$+++$o$+++$$++SSS +++++$ $
$ $++++++SSSS$$+++++o+++++$$SSSS++++++$ $
$$++++++++SSSS++++++o++++++SSSS++++++++$$
$++~~~~++~ $$SS+++++o+++++SS$$ ~++~~~~++$
$++++++++~+$++S+++++o+++++S++$+~++++++++$
$+++++++++$+++SS+++ $ +++SS+++$+++++++++$
$+++++++++$++++SS+++++++SS++++$+++++++++$
$+++++++$$++~~+ S  S S  S +~~++$$+++++++$
$+++++$$$+~+~++ SSSS SSSS ++~+~+$$$+++++$
$+++~+$~~+~+++  SSS   SSS  +++~+~~$+~+++$
$++++++++++++   SSS   SSS   ++++++++++++$
$ ++++++++++   SSS     SSS   ++++++++++ $
$   ++ +++     SSS     SSS     +++ ++   $
$3          b S     7     S            1$
$$$$$$$$$$$$$$$$$$$$$$$$$$$$9$$$$$$$$$$$$
