Vegeta
+++++++++++++++++++++++++++++++++++++++++
++++++++*+++++++++++*++++++++++*+++++++++
++++++++*+++++++++++*++++++++++*+++++++++
++++++++*+++++++++++*++++++++++*+++++++++
++++++++*+++++++++++*++++++++++*+++++++++
++++++++*+++++++++++*++++++++++*+++++++++
++++++*^******^********^***************^*
+++++*-   WS-  ---WW  - -oo  -GWT-BSBG- -
+++++< ---- - -SS~- - - -oo-  -FTS-W--GW-
+++++*   S- -  S-S- - -  -  - -F-     - -
+++++*---W-  ---SS- -  -  - -  -  ---  S-
++++*-  -~ -   - -WW--  - - -- oo-SWS--W-
+++*-   - -  - -  -   - - -   -oo-~-SSS--
+++*- - -   - ~T-^---^-   ---WW---S~--SG-
+++*- - G---  ---SSSSS----  W -WSS-W- S--
++*-  - -GG- - <SSS-SSS> - -W-~S-S-W-~-G-
+*-  -  B-W- - -SSSSSSS-   --~S-WS-W-SWS-
*-  -  -B~S- ~ -S-SWS-S----GSW-GS-SS--S--
-  -  ---W---T--SSSSSSS-SWS--S -~-S-S~SL-
- -- -   -   - <SSS-SSS>W-W~S-W-~-S-W----
- G-   -   -   -SSSSSSS-SWS-W~S-SW~-S  T-
- ----------------.^.------------------T-
-T.................^...................T-
-T*PxLLLLLLLLLLLLLLLLLLLLLLLLLLLLLLLyP*T-
-TR*PuLLLLLLLLLLLLLLLLLLLLLLLLLLLLLwP*BF-
-TRR*PsLLLLLLLLLLLLLLLLLLLLLLLLLLLtP*BBF-
-TRRR*PqLLLLLLLLLLLLLLLLLLLLLLLLLrP*BBBF-
-TRRRR*PnLLLLLLLLLLLLLLLLLLLLLLLpP*BBBBF-
-TRRRRR*PlLLLLLLLLLLLLLLLLLLLLLmP*BBBBBF-
-TRRRRRR*PjLLLLLLLLLLLLLLLLLLLkP*BBBBBBF-
-TRRRRRRR*PhLLLLLLLLLLLLLLLLLiP*BBBBBBBF-
-TRRRRRRRR*PfLLLLLLLLLLLLLLLgP*BBBBBBBBF-
-TRRRRRRRRR*PdLLLLLLLLLLLLLeP*BBBBBBBBBF-
-TRRRRRRRRRR*PbLLLLLLLLLLLcP*BBBBBBBBBBF-
-TRRRRRRRRRRR*P9LLLLLLLLLaP*BBBBBBBBBBBF-
-TRRRRRRRRRRRR*P7LLLLLLL8P*BBBBBBBBBBBBF-
-TRRRRRRRRRRRRR*P5LLLLL6P*BBBBBBBBBBBBBF-
-TRRRRRRRRRRRRRR*P3LLL4P*FFFFFFFFFFFFFFF-
-TRRRRRRRRRRRRRRR*P1L2P*FFFFFFFFFFFFFFFF-
-TTTTTTTTTTTTTTTTT*P0P*FFFFFFFFFFFFFFFFF-
--------------------P--------------------
