Gerardo
#########################################
####################.####################
###################.*.###################
##################.*S*.##################
##################*SSS*##################
##################*S+S*##################
#################.*+++*.#################
#########F#######.*+-+*.#######F#########
#########F#######*++-++*#######F#########
#########S#######*+   +*#######S#########
########+++######*+   +*######+++########
########S~S######*+ * +*######S~S########
########S~S#####.*+ * +*.#####S~S########
########+++#####.*+   +*.#####+++########
#########S######.*+   +*.######S#########
#########+######*++ + ++*######+#########
#########S######*+  +  +*######S#########
#########+######*+     +*######+#########
#########S######*+     +*######S#########
#########+#####.*+  +  +*.#####+#########
#########S#####.*+ +++ +*.#####S#########
#########+#####.*+ + + +*.#####+#########
#########S#####*++     ++*#####S#########
#########+####.*+   +   +*.####+#########
#########S####.*+  +++  +*.####S#########
#########+###.*++ ++^++ ++*.###+#########
#########S##.*++o ++^++ o++*.##S#########
#########+.**++ o++ $ ++o ++**.+#########
########*G*+++  o+  $  +o  +++*G*########
#####***++++    o+  $  +o    ++++***#####
###**++++     + o  +.+  o +     ++++**###
##*+++       ++ o ++.++ o ++       +++*##
#*++      +++++ o   *   o +++++      ++*#
#*+             o+++*+++o             +*#
#*+0ai6me4qh8kc2.+++*+++.3dl9gp5fn7jb1+*#
#*+++++++++++++*.+++*+++.*+++++++++++++*#
#**+++++++++++**.+++*+++.**+++++++++++**#
###BBBBBBBBBBB##.+++*+++.##BBBBBBBBBBB###
#########S######.FF.*.FF.######S#########
#########+######.PP.*.PP.######+#########
#########################################
