Rooster Cogburn
+++++++++++++++++++++++++++++++++++++++++
+....+....+....+....+....+....+....+....+
+.0G.+.4G.+.8G.+.cG.+.eG.+.aG.+.6G.+.2G.+
+.LF.+.LF.+.LF.+.LF.+.LF.+.LF.+.LF.+.LF.+
+.BP.+.BP.+.BP.+.BP.+.BP.+.BP.+.BP.+.BP.+
+++++++++++++++++++++++++++++++++++++++++
++++++++++++++++++++$++++++++++++++++++++
+++++++++++++++++++++++++++++++++++++++++
+.BP.+.BP.+.BP.+.BP.+.BP.+.BP.+.BP.+.BP.+
+.LF.+.LF.+.LF.+.LF.+.LF.+.LF.+.LF.+.LF.+
+.kG.+.pG.+.yG.+. G.+. G.+. G.+.rG.+.nG.+
+....+....+....+....+....+....+....+....+
+++++++++++++++++++++++++++++++++++++++++
+....+....+....+....+....+....+....+....+
+.gG.+.tG.+. G.+. G.+. G.+. G.+.wG.+.iG.+
+.LF.+.LF.+.LF.+.LF.+.LF.+.LF.+.LF.+.LF.+
+.BP.+.BP.+.BP.+.BP.+.BP.+.BP.+.BP.+.BP.+
+++++++++++++++++++++++++++++++++++++++++
+++++++++++++++++++++++++++++++++++++++++
+++++++++++++++++++++++++++++++++++++++++
+$+$+$+$+$+$+$+$+$+$o$+$+$+$+$+$+$+$+$+$+
+++++++++++++++++++++++++++++++++++++++++
+++++++++++++++++++++++++++++++++++++++++
+++++++++++++++++++++++++++++++++++++++++
+.BP.+.BP.+.BP.+.BP.+.BP.+.BP.+.BP.+.BP.+
+.LF.+.LF.+.LF.+.LF.+.LF.+.LF.+.LF.+.LF.+
+.jG.+.xG.+. G.+. G.+. G.+. G.+.uG.+.hG.+
+....+....+....+....+....+....+....+....+
+++++++++++++++++++++++++++++++++++++++++
+....+....+....+....+....+....+....+....+
+.mG.+.sG.+. G.+. G.+. G.+.zG.+.qG.+.lG.+
+.LF.+.LF.+.LF.+.LF.+.LF.+.LF.+.LF.+.LF.+
+.BP.+.BP.+.BP.+.BP.+.BP.+.BP.+.BP.+.BP.+
+++++++++++++++++++++++++++++++++++++++++
++++++++++++++++++++$++++++++++++++++++++
+++++++++++++++++++++++++++++++++++++++++
+.BP.+.BP.+.BP.+.BP.+.BP.+.BP.+.BP.+.BP.+
+.LF.+.LF.+.LF.+.LF.+.LF.+.LF.+.LF.+.LF.+
+.3G.+.7G.+.bG.+.fG.+.dG.+.9G.+.5G.+.1G.+
+....+....+....+....+....+....+....+....+
+++++++++++++++++++++++++++++++++++++++++
