Rooster Cogburn
*FFFFFFFFFFFFFFFFFFFFFFFFFFFFFFFFFFFFFFF*
*FFFFFFFFFFFFFFFFFFFFFFF FFFFFFFFFFFFFFF*
*BBBBBBBBBBBBBBBBBBBBBBBBBBBBBBBBBBBBBBB*
*BBBBBBBBBBBBBBBBBBBBBBBBBBBBBBBBBBBBBBB*
*SSSSSSSSSSSSSSSSSSSSSSSSSSSSSSSSSSSSSSS*
*SSSSSSSSSSSSSSSSSSSSSSSSSSSSSSSSSSSSSSS*
*SSSSSSSSSSSSSSSSSSSSSSSSSSSSSSSSSSSSSSS*
*SSSSSSSSSSSSSSSSSSSSSSSSSSSSSSSSSSSSSSS*
*SSSSSSSSSSSSSSSSSSSSSSSSSSSSSSSSSSSSSSS*
*SSSSSSSSSSSSSSSSSSSSSSSSSSSSSSSSSSSSSSS*
*SSSSSSSSSSSSSSSSSSSSSSSSSSSSSSSSSSSSSSS*
*SSSSSSSSSSSSSSSSSSSSSSSSSSSSSSSSSSSSSSS*
*SSSSSSSSSSSSSSSSSSSSSSSSSSSSSSSSSSSSSSS*
*SSSSSSSSSSSSSSSSSSSSSSSSSSSSSSSSSSSSSSS*
*SSSSSSSSSSSSSSSSSSSSSSSSSSSSSSSSSSSSSSS*
*SSSSSSSSSSSSSSSSSSSSSSSSSSSSSSSSSSSSSSS*
*SSSSSSSSSSSSSSSSSSSSSSSSSSSSSSSSSSSSSSS*
*SSSSSSSSSSSSSSSSSSSSSSSSSSSSSSSSSSSSSSS*
*SSSSSSSSSSSSSSSSSSSSSSSSSSSSSSSSSSSSSSS*
*SSSSSSSSSSSSSSSSSSSSSSSSSSSSSSSSSSSSSSS*
*SSSSSSSSSSSSSSSSSSSSSSSSSSSSSSSSSSSSSSS*
*SSSSSSSSSSSSSSSSSSSSSSSSSSSSSSSSSSSSSSS*
*SSSSSSSSSSSSSSSSSSSSSSSSSSSSSSSSSSSSSSS*
*SSSSSLLSSSLLSSSLLSSSSSLLSSSLLSSSLLSSSSS*
*   SSLLSSSLLSSSLLSSSSSLLSSSLLSSSLLSS   *
*   S.LL.S.LL.S.LL.SSS.LL.S.LL.S.LL.S   *
*   S.L0.S.L2.S.L4.SSS.L6.S.L8.S.La.S   *
*   S....S....S....SSS....S....S....S   *
*   S    S    S    SSS    S    S    S   *
*   S    S    S    SSS    S    S    S   *
*   S    S    S    SSS    S    S    S   *
*  L^L  L^L  L^L   L^L   L^L  L^L  L^L  *
*   ^    ^    ^    ^^^    ^    ^    ^   *
*+++F++++F++++F+++++F+++++F++++F++++F   *
*+++F++++F++++F+++++F+++++F++++F++++F   *
*+++F++++F++++F+++++F+++++F++++F++++F   *
*+++F++++F++++F+++++F+++++F++++F++++F   *
*+++B++++B++++B+++++B+++++B++++B++++B   *
*+++B++++B++++B+++++B+++++B++++B++++B   *
*   1    3    5     7     9    c    b   *
*****************************************
