Gerardo
+++++++ + + + +             +++++++++++++
+++++++           oooo      +++++++++++++
++++++          oooooooo     ++++++++++++
++++++ +        ooooooooo     +++++++++++
+++++    +     ooooooooooo     ++++++++++
++++ +     +   ooooooooooo       ++++++++
++             oooooooooooo        ++++++
   +   +       oSSoooSSoooo           +++
+              o$$ooS$$Sooo              
    +    +     o$$ooS$$Sooo              
+              oS+++++SSooo              
     +         o++++++++ooo              
+              o++++++++ooo              
               oS++++++Soooo       ++ ++ 
+              oSS+++SSSoooo      +  +  +
              ooSSSSSSSSSoooo            
              o$SSSSSSSSSoooo            
             ooSSSSSSSSSS$oooo           
            oo$SSSSSSSSSSSooooo          
           ooo$SSSSSSSSSSSoooooo     + + 
           oooSSSSSSSSSSSSSooooo    + + +
           ooSSSSSSSSSSSSSS$ooooo        
          oooSSSSSSSSSSSSSSSooooo        
          oo$SSSSSSSSSSSSSSSooooo        
         oooSSSSSSSSSSSSSSSSoooooo       
         oooSSSSSSSSSSSSSSSSoooooo       
hlnrwtpjfoooSSSSSSSSSSSSSSSSoooooogksuqmi
eca86420ooooSSSSSSSSSSSSSSSSoooooo13579bd
~~~~~~~~~++o$SSSSSSSSSSSSS++ooooo~~~~~~~~
~~~~~~~~++++o$SSSSSSSSSSSS++ooooo+~~~~~~~
~~~~~++++++++ooSSSSSSSSSS$+++ooo++~~~~~~~
~~~~+++++++++oooSSSSSSSSS$++++++++~~~~~~~
~~~~~+++++++++oo$SSSSSSSS$+++++++++~~~~~~
~~~~~++++++++++oSSSSSSSSSo+++++++++++~~~~
~~~~~++++++++++SSSSSSSSSoo+++++++++++~~~~
~~~~++++++++++++SSSSSS$ooo++++++++++~~~~~
~~~~++++++++++++ooooooooo+++++++++~~~~~~~
~~~~~++++++++++++oooooooo+++++++~~~~~~~~~
~~~~~~~~~++++++++~~~~~~~~~+++++~~~~~~~~~~
~~~~~~~~~~~~+++~~~~~~~~~~~~+++~~~~~~~~~~~
~~~~~~~~~~~~~~~~~~~~~~~~~~~~~~~~~~~~~~~~~
