Brigham Young
0 -L             L- 6 -L             L- 1
 G---------- ------ G ------ ----------G 
-+-----FWWWW SS-----+-----SS WWWWF-----+-
-++++--FWWWW SS---+++++---SS WWWWF--++++-
-+++-------- ------+++------ --------+++-
-+++------++ ++----+++----++ ++------+++-
---S-SSSS--- -------v------- ---SSSS-S---
---S-SSSS-SS SS-----v-----SS SS-SSSS-S---
---S----S--- ----+++v+++---- ---S----S---
...G++++        +++++++++        ++++G...
---+B++----- -----+++++----- -----++B+---
---+B+--+++++---+-+++++-+---+++++--+B+---
---+++--++++---++--- ---++---++++--+++---
---++++-++++--++++-- --++++--++++-++++---
--+++G--+G++--++B+- v -+B++--++G+--G+++--
-----+---+-+--+B++-+ +-++B+--+-+---+-----
-----+-+-+---+++++-- --+++++---+-+-+-----
---$-+-+-+-+-+-++o+++++o++-+-+-+-+-+-$---
-----+-+++++---+++++++++++---+++++-+-----
  -+++---+++- +++++$S$+++++ -+++---+++-  
4G++++>>>+++   ++++SSS++++   +++<<<++++G5
  -+++---+++- +++++$S$+++++ -+++---+++-  
-----+-+++++---+++++++++++---+++++-+-----
---$-+-+-+-+-+-++o+++++o++-+-+-+-+-+-$---
-----+-+-+---+++++-- --+++++---+-+-+-----
-----+---+-+--+B++-+ +-++B+--+-+---+-----
--+++G--+G++--++B+- ^ -+B++--++G+--G+++--
---++++-++++--++++-- --++++--++++-++++---
---+++--++++---++--- ---++---++++--+++---
---+B+--+++++---+-+++++-+---+++++--+B+---
---+B++----- -----+++++----- -----++B+---
...G++++        +++++++++        ++++G...
---S----S--- ----+++^+++---- ---S----S---
---S-SSSS-SS SS-----^-----SS SS-SSSS-S---
---S-SSSS--- -------^------- ---SSSS-S---
-+++------++ ++----+++----++ ++------+++-
-+++-------- ------+++------ --------+++-
-++++--FWWWW SS---+++++---SS WWWWF--++++-
-+-----FWWWW SS-----+-----SS WWWWF-----+-
 G---------- ------ G ------ ----------G 
3 -L             L- 7 -L             L- 2
