Rooster Cogburn
FFFFFFFFF*BBBBBBBBBBBBBBBBBBBBB*FFFFFFFFF
B0LLLLLLL*4LLLLLLLLLLLLLLLLLLL *LLLLLLL2B
BLLLLLLLL*FLLLLLLLLLLLLLLLLLLLF*LLLLLLLLB
BLLLLLLLL*FLLLLLLLLLLLLLLLLLLLF*LLLLLLLLB
BLLLLLLLL*FLLLLLLLLLLLLLLLLLLLF*LLLLLLLLB
BLLLLLLLL*FLLLLLLLLLLLLLLLLLLLF*LLLLLLLLB
BLLLLLLLL*FLLLLLLLLLLLLLLLLLLLF*LLLLLLLLB
BLLLLLLLL*FLLLLLLLLLLLLLLLLLLLF*LLLLLLLLB
BLLLLLLLL*FLLLLLLLLLLLLLLLLLLLF*LLLLLLLLB
BLLLLLLLL***********************LLLLLLLLB
BLLLLLLLL*6BBBBBBBBBBBBBBBBBBB *LLLLLLLLB
BLLLLLLLL*FLLLLLLLLLLLLLLLLLLLF*LLLLLLLLB
BLLLLLLLL*FLLLLLLLLLLLLLLLLLLLF*LLLLLLLLB
BLLLLLLLL*FLLLLLLLLLLLLLLLLLLLF*LLLLLLLLB
BLLLLLLLL*FLLLLLLLLLLLLLLLLLLLF*LLLLLLLLB
BLLLLLLLL*FLLLLLLLLLLLLLLLLLLLF*LLLLLLLLB
BLLLLLLLL*FLLLLLLLLLLLLLLLLLLLF*LLLLLLLLB
BLLLLLLLL*FLLLL***********LLLLF*LLLLLLLLB
**********FLLLL*FFFFBFFFF*LLLLF**********
FFFFFFFFF*FLLLL*FFFFBFFFF*LLLLF*FFFFFFFFF
BBBBBBBBB*FLLLL*BBBBBBBBB*LLLLF*BBBBBBBBB
FFFFFFFFF*FLLLL*FFFFBFFFF*LLLLF*FFFFFFFFF
**********FLLLL*FFFFBFFFF*LLLLF**********
BLLLLLLLL*FLLLL***********LLLLF*LLLLLLLLB
BLLLLLLLL*FLLLLLLLLLLLLLLLLLLLF*LLLLLLLLB
BLLLLLLLL*FLLLLLLLLLLLLLLLLLLLF*LLLLLLLLB
BLLLLLLLL*FLLLLLLLLLLLLLLLLLLLF*LLLLLLLLB
BLLLLLLLL*FLLLLLLLLLLLLLLLLLLLF*LLLLLLLLB
BLLLLLLLL*FLLLLLLLLLLLLLLLLLLLF*LLLLLLLLB
BLLLLLLLL*FLLLLLLLLLLLLLLLLLLLF*LLLLLLLLB
BLLLLLLLL* BBBBBBBBBBBBBBBBBBB7*LLLLLLLLB
BLLLLLLLL***********************LLLLLLLLB
BLLLLLLLL*FLLLLLLLLLLLLLLLLLLLF*LLLLLLLLB
BLLLLLLLL*FLLLLLLLLLLLLLLLLLLLF*LLLLLLLLB
BLLLLLLLL*FLLLLLLLLLLLLLLLLLLLF*LLLLLLLLB
BLLLLLLLL*FLLLLLLLLLLLLLLLLLLLF*LLLLLLLLB
BLLLLLLLL*FLLLLLLLLLLLLLLLLLLLF*LLLLLLLLB
BLLLLLLLL*FLLLLLLLLLLLLLLLLLLLF*LLLLLLLLB
BLLLLLLLL*FLLLLLLLLLLLLLLLLLLLF*LLLLLLLLB
B3LLLLLLL* LLLLLLLLLLLLLLLLLLL5*LLLLLLL1B
FFFFFFFFF*BBBBBBBBBBBBBBBBBBBBB*FFFFFFFFF
